// Jest Snapshot v1, https://goo.gl/fbAQLP

exports[`Pruebas en GiftGridItem should mostrar componente correctamente 1`] = `
<div
  className="card animate__fadeIn animate__animated"
>
  <img
    alt="Titulo"
    src="http:localhost"
  />
  <p>
    Titulo
  </p>
</div>
`;
